<?xml version="1.0" encoding="utf-8"?><testsuites><testsuite name="pytest" errors="0" failures="0" skipped="0" tests="7" time="8.601" timestamp="2024-06-14T09:51:47.726346" hostname="47ded057-ce20-487a-98d0-3455e8d99e57-0"><testcase classname="tests.test_data" name="test_packed_sft_dataset" time="0.387" /><testcase classname="tests.test_data" name="test_iterate_batches" time="0.290" /><testcase classname="tests.test_dpo" name="test_per_instance_dpo_loss" time="3.175" /><testcase classname="tests.test_metrics" name="test_parse_mmlu_response" time="0.000" /><testcase classname="tests.test_metrics" name="test_parse_mmlu_response_unknown" time="0.000" /><testcase classname="tests.test_metrics" name="test_parse_gsm8k_response" time="0.000" /><testcase classname="tests.test_metrics" name="test_parse_gsm8k_response_unknown" time="0.000" /></testsuite></testsuites>